[debug] [2025-09-23T16:58:48.385Z] ----------------------------------------------------------------------
[debug] [2025-09-23T16:58:48.387Z] Command:       C:\Program Files\nodejs\node.exe C:\Users\sujal\AppData\Roaming\npm\node_modules\firebase-tools\lib\bin\firebase.js init
[debug] [2025-09-23T16:58:48.387Z] CLI Version:   14.17.0
[debug] [2025-09-23T16:58:48.387Z] Platform:      win32
[debug] [2025-09-23T16:58:48.387Z] Node Version:  v20.15.1
[debug] [2025-09-23T16:58:48.387Z] Time:          Tue Sep 23 2025 22:28:48 GMT+0530 (India Standard Time)
[debug] [2025-09-23T16:58:48.387Z] ----------------------------------------------------------------------
[debug] 
[debug] [2025-09-23T16:58:48.390Z] >>> [apiv2][query] GET https://firebase-public.firebaseio.com/cli.json [none]
[debug] [2025-09-23T16:58:48.436Z] > command requires scopes: ["email","openid","https://www.googleapis.com/auth/cloudplatformprojects.readonly","https://www.googleapis.com/auth/firebase","https://www.googleapis.com/auth/cloud-platform"]
[debug] [2025-09-23T16:58:48.436Z] > authorizing via signed-in user (khedekarsujay720@gmail.com)
[info] 
     ######## #### ########  ######## ########     ###     ######  ########
     ##        ##  ##     ## ##       ##     ##  ##   ##  ##       ##
     ######    ##  ########  ######   ########  #########  ######  ######
     ##        ##  ##    ##  ##       ##     ## ##     ##       ## ##
     ##       #### ##     ## ######## ########  ##     ##  ######  ########

You're about to initialize a Firebase project in this directory:

  D:\Flowlink - Complete\flowlink

[debug] [2025-09-23T16:58:49.027Z] <<< [apiv2][status] GET https://firebase-public.firebaseio.com/cli.json 200
[debug] [2025-09-23T16:58:49.028Z] <<< [apiv2][body] GET https://firebase-public.firebaseio.com/cli.json {"cloudBuildErrorAfter":1594252800000,"cloudBuildWarnAfter":1590019200000,"defaultNode10After":1594252800000,"minVersion":"3.0.5","node8DeploysDisabledAfter":1613390400000,"node8RuntimeDisabledAfter":1615809600000,"node8WarnAfter":1600128000000}
[debug] [2025-09-23T16:59:36.478Z] ExitPromptError: User force closed the prompt with SIGINT
    at Interface.sigint (C:\Users\sujal\AppData\Roaming\npm\node_modules\firebase-tools\node_modules\@inquirer\core\dist\commonjs\lib\create-prompt.js:101:37)
    at Interface.emit (node:events:519:28)
    at Interface.emit (node:domain:488:12)
    at [_ttyWrite] [as _ttyWrite] (node:internal/readline/interface:1126:18)
    at ReadStream.onkeypress (node:internal/readline/interface:265:20)
    at ReadStream.emit (node:events:531:35)
    at ReadStream.emit (node:domain:488:12)
    at emitKeys (node:internal/readline/utils:371:14)
    at emitKeys.next (<anonymous>)
    at ReadStream.onData (node:internal/readline/emitKeypressEvents:64:36)
[error] 
[error] Error: An unexpected error has occurred.
